// Jest Snapshot v1, https://goo.gl/fbAQLP

exports[`renders learn react link 1`] = `
<Fragment>
  <styled.h1>
    Battle Simulator
  </styled.h1>
  <styled.div>
    <styled.div>
      <styled.div>
        <styled.img
          active={false}
          src="player.png"
        />
      </styled.div>
      <styled.div>
        <styled.div
          value={100}
        />
        <styled.span>
          100
        </styled.span>
      </styled.div>
      <styled.div>
        <styled.div
          active={false}
        >
          <span
            className="dice-0"
          />
        </styled.div>
        <styled.div
          active={false}
        >
          <span
            className="dice-0"
          />
        </styled.div>
        <styled.span>
          0
        </styled.span>
      </styled.div>
      <styled.p>
        Player
      </styled.p>
    </styled.div>
    <styled.div>
      <styled.div
        fullWidth={true}
      >
        <styled.h2>
          Click Attack
        </styled.h2>
        <styled.button
          disabled={false}
          onClick={[Function]}
        >
          Attack!
        </styled.button>
      </styled.div>
    </styled.div>
    <styled.div>
      <styled.div>
        <styled.img
          active={false}
          src="monster.png"
        />
      </styled.div>
      <styled.div>
        <styled.div
          value={100}
        />
        <styled.span>
          100
        </styled.span>
      </styled.div>
      <styled.div>
        <styled.div
          active={false}
        >
          <span
            className="dice-0"
          />
        </styled.div>
        <styled.div
          active={false}
        >
          <span
            className="dice-0"
          />
        </styled.div>
        <styled.span>
          0
        </styled.span>
      </styled.div>
      <styled.p>
        Monster
      </styled.p>
    </styled.div>
  </styled.div>
</Fragment>
`;
